---
http_interactions:
- request:
    method: post
    uri: http://localhost:3000/api/v1/login
    body:
      encoding: UTF-8
      string: email=bobbyluly%40gmail.com&password=5678
    headers:
      Content-Type:
      - application/x-www-form-urlencoded
      Accept-Encoding:
      - gzip;q=1.0,deflate;q=0.6,identity;q=0.3
      Accept:
      - "*/*"
      User-Agent:
      - Ruby
  response:
    status:
      code: 200
      message: OK
    headers:
      X-Frame-Options:
      - SAMEORIGIN
      X-Xss-Protection:
      - '0'
      X-Content-Type-Options:
      - nosniff
      X-Download-Options:
      - noopen
      X-Permitted-Cross-Domain-Policies:
      - none
      Referrer-Policy:
      - strict-origin-when-cross-origin
      Content-Type:
      - application/json; charset=utf-8
      Vary:
      - Accept
      Etag:
      - W/"08e44f3141fc291bfe9eb7bade3663e5"
      Cache-Control:
      - max-age=0, private, must-revalidate
      X-Request-Id:
      - 8cd644fa-91ed-4baa-a51c-c56f57816571
      X-Runtime:
      - '0.243930'
      Server-Timing:
      - start_processing.action_controller;dur=0.05, sql.active_record;dur=0.92, instantiation.active_record;dur=0.03,
        render.active_model_serializers;dur=0.16, process_action.action_controller;dur=240.93
      Transfer-Encoding:
      - chunked
    body:
      encoding: UTF-8
      string: '{"data":{"id":"2","type":"user","attributes":{"name":"Bobby Luly","email":"bobbyluly@gmail.com","protocol_id":2,"data_sharing":true}}}'
  recorded_at: Wed, 19 Apr 2023 01:02:44 GMT
- request:
    method: get
    uri: http://localhost:3000/api/v1/users/2
    body:
      encoding: US-ASCII
      string: ''
    headers:
      User-Agent:
      - Faraday v2.7.4
      Accept-Encoding:
      - gzip;q=1.0,deflate;q=0.6,identity;q=0.3
      Accept:
      - "*/*"
  response:
    status:
      code: 200
      message: OK
    headers:
      X-Frame-Options:
      - SAMEORIGIN
      X-Xss-Protection:
      - '0'
      X-Content-Type-Options:
      - nosniff
      X-Download-Options:
      - noopen
      X-Permitted-Cross-Domain-Policies:
      - none
      Referrer-Policy:
      - strict-origin-when-cross-origin
      Content-Type:
      - application/json; charset=utf-8
      Vary:
      - Accept
      Etag:
      - W/"08e44f3141fc291bfe9eb7bade3663e5"
      Cache-Control:
      - max-age=0, private, must-revalidate
      X-Request-Id:
      - 48648fb8-7aa5-45c4-b076-a3adc96b55dc
      X-Runtime:
      - '0.003643'
      Server-Timing:
      - start_processing.action_controller;dur=0.04, sql.active_record;dur=0.37, instantiation.active_record;dur=0.02,
        render.active_model_serializers;dur=0.07, process_action.action_controller;dur=0.87
      Transfer-Encoding:
      - chunked
    body:
      encoding: UTF-8
      string: '{"data":{"id":"2","type":"user","attributes":{"name":"Bobby Luly","email":"bobbyluly@gmail.com","protocol_id":2,"data_sharing":true}}}'
  recorded_at: Wed, 19 Apr 2023 01:02:44 GMT
- request:
    method: get
    uri: http://localhost:3000/api/v1/users/2
    body:
      encoding: US-ASCII
      string: ''
    headers:
      User-Agent:
      - Faraday v2.7.4
      Accept-Encoding:
      - gzip;q=1.0,deflate;q=0.6,identity;q=0.3
      Accept:
      - "*/*"
  response:
    status:
      code: 200
      message: OK
    headers:
      X-Frame-Options:
      - SAMEORIGIN
      X-Xss-Protection:
      - '0'
      X-Content-Type-Options:
      - nosniff
      X-Download-Options:
      - noopen
      X-Permitted-Cross-Domain-Policies:
      - none
      Referrer-Policy:
      - strict-origin-when-cross-origin
      Content-Type:
      - application/json; charset=utf-8
      Vary:
      - Accept
      Etag:
      - W/"08e44f3141fc291bfe9eb7bade3663e5"
      Cache-Control:
      - max-age=0, private, must-revalidate
      X-Request-Id:
      - fa6d284a-64d4-4584-8f58-76a4dcd04465
      X-Runtime:
      - '0.003499'
      Server-Timing:
      - start_processing.action_controller;dur=0.04, sql.active_record;dur=0.34, instantiation.active_record;dur=0.02,
        render.active_model_serializers;dur=0.08, process_action.action_controller;dur=0.84
      Transfer-Encoding:
      - chunked
    body:
      encoding: UTF-8
      string: '{"data":{"id":"2","type":"user","attributes":{"name":"Bobby Luly","email":"bobbyluly@gmail.com","protocol_id":2,"data_sharing":true}}}'
  recorded_at: Wed, 19 Apr 2023 01:02:44 GMT
- request:
    method: get
    uri: http://localhost:3000/api/v1/users/2
    body:
      encoding: US-ASCII
      string: ''
    headers:
      User-Agent:
      - Faraday v2.7.4
      Accept-Encoding:
      - gzip;q=1.0,deflate;q=0.6,identity;q=0.3
      Accept:
      - "*/*"
  response:
    status:
      code: 200
      message: OK
    headers:
      X-Frame-Options:
      - SAMEORIGIN
      X-Xss-Protection:
      - '0'
      X-Content-Type-Options:
      - nosniff
      X-Download-Options:
      - noopen
      X-Permitted-Cross-Domain-Policies:
      - none
      Referrer-Policy:
      - strict-origin-when-cross-origin
      Content-Type:
      - application/json; charset=utf-8
      Vary:
      - Accept
      Etag:
      - W/"08e44f3141fc291bfe9eb7bade3663e5"
      Cache-Control:
      - max-age=0, private, must-revalidate
      X-Request-Id:
      - 59b8540a-bbee-4d01-b799-10cf58854d50
      X-Runtime:
      - '0.003354'
      Server-Timing:
      - start_processing.action_controller;dur=0.04, sql.active_record;dur=0.33, instantiation.active_record;dur=0.02,
        render.active_model_serializers;dur=0.07, process_action.action_controller;dur=0.79
      Transfer-Encoding:
      - chunked
    body:
      encoding: UTF-8
      string: '{"data":{"id":"2","type":"user","attributes":{"name":"Bobby Luly","email":"bobbyluly@gmail.com","protocol_id":2,"data_sharing":true}}}'
  recorded_at: Wed, 19 Apr 2023 01:02:44 GMT
- request:
    method: get
    uri: http://localhost:3000/api/v1/users/2/log_entries
    body:
      encoding: US-ASCII
      string: ''
    headers:
      User-Agent:
      - Faraday v2.7.4
      Accept-Encoding:
      - gzip;q=1.0,deflate;q=0.6,identity;q=0.3
      Accept:
      - "*/*"
  response:
    status:
      code: 200
      message: OK
    headers:
      X-Frame-Options:
      - SAMEORIGIN
      X-Xss-Protection:
      - '0'
      X-Content-Type-Options:
      - nosniff
      X-Download-Options:
      - noopen
      X-Permitted-Cross-Domain-Policies:
      - none
      Referrer-Policy:
      - strict-origin-when-cross-origin
      Content-Type:
      - application/json; charset=utf-8
      Vary:
      - Accept
      Etag:
      - W/"97492b1b3759f528edb934a9d32952aa"
      Cache-Control:
      - max-age=0, private, must-revalidate
      X-Request-Id:
      - c14f0b9a-a5bc-4281-998c-15b3c0ab8697
      X-Runtime:
      - '0.005197'
      Server-Timing:
      - start_processing.action_controller;dur=0.04, sql.active_record;dur=1.12, instantiation.active_record;dur=0.10,
        render.active_model_serializers;dur=0.40, process_action.action_controller;dur=2.56
      Transfer-Encoding:
      - chunked
    body:
      encoding: UTF-8
      string: '{"data":[{"id":"2","type":"user_entry","attributes":{"id":2,"user_id":2,"created_at":"2023-04-16T15:14:53.488Z","updated_at":"2023-04-16T15:14:53.488Z","type":"DailyLogEntry","sociability":"social","mood":"Mellow","depression_score":1,"anxiety_score":1,"sleep_score":8,"exercise":"cardio","meditation":"45","energy_levels":7,"notes":"Tranquil
        day today"}},{"id":"1","type":"user_entry","attributes":{"id":1,"user_id":2,"created_at":"2023-04-16T15:14:53.484Z","updated_at":"2023-04-16T15:14:53.484Z","type":"DailyLogEntry","sociability":"social","mood":"Happy","depression_score":1,"anxiety_score":2,"sleep_score":7,"exercise":"cardio","meditation":"30","energy_levels":6,"notes":"I''m
        feeling great today!"}},{"id":"2","type":"user_entry","attributes":{"id":2,"user_id":2,"created_at":"2023-04-16T15:14:53.450Z","updated_at":"2023-04-16T15:14:53.450Z","type":"MicrodoseLogEntry","mood_before":"Happy","mood_after":"Introspective","dosage":1.5,"intensity":"medium","sociability":"withdrawn","journal_prompt":"What
        did you learn about yourself?","journal_entry":"I''ve realized some things
        I''d like to change in my life.","environment":"Hike in the foothills","other_notes":"I''ve
        still got some processing to do"}},{"id":"1","type":"user_entry","attributes":{"id":1,"user_id":2,"created_at":"2023-04-16T15:14:53.443Z","updated_at":"2023-04-16T15:14:53.443Z","type":"MicrodoseLogEntry","mood_before":"Melancholy","mood_after":"Happy","dosage":0.75,"intensity":"low","sociability":"anxious","journal_prompt":"How
        was your day?","journal_entry":"I felt great after today''s microdose!","environment":"The
        Park","other_notes":"What a nice little reset this was"}}]}'
  recorded_at: Wed, 19 Apr 2023 01:02:44 GMT
- request:
    method: get
    uri: http://localhost:3000/api/v1/users/2/log_entries
    body:
      encoding: US-ASCII
      string: ''
    headers:
      User-Agent:
      - Faraday v2.7.4
      Accept-Encoding:
      - gzip;q=1.0,deflate;q=0.6,identity;q=0.3
      Accept:
      - "*/*"
  response:
    status:
      code: 200
      message: OK
    headers:
      X-Frame-Options:
      - SAMEORIGIN
      X-Xss-Protection:
      - '0'
      X-Content-Type-Options:
      - nosniff
      X-Download-Options:
      - noopen
      X-Permitted-Cross-Domain-Policies:
      - none
      Referrer-Policy:
      - strict-origin-when-cross-origin
      Content-Type:
      - application/json; charset=utf-8
      Vary:
      - Accept
      Etag:
      - W/"97492b1b3759f528edb934a9d32952aa"
      Cache-Control:
      - max-age=0, private, must-revalidate
      X-Request-Id:
      - 9c2660cb-7da2-46c0-8ffd-0f615d866eac
      X-Runtime:
      - '0.004812'
      Server-Timing:
      - start_processing.action_controller;dur=0.04, sql.active_record;dur=1.00, instantiation.active_record;dur=0.09,
        render.active_model_serializers;dur=0.39, process_action.action_controller;dur=2.25
      Transfer-Encoding:
      - chunked
    body:
      encoding: UTF-8
      string: '{"data":[{"id":"2","type":"user_entry","attributes":{"id":2,"user_id":2,"created_at":"2023-04-16T15:14:53.488Z","updated_at":"2023-04-16T15:14:53.488Z","type":"DailyLogEntry","sociability":"social","mood":"Mellow","depression_score":1,"anxiety_score":1,"sleep_score":8,"exercise":"cardio","meditation":"45","energy_levels":7,"notes":"Tranquil
        day today"}},{"id":"1","type":"user_entry","attributes":{"id":1,"user_id":2,"created_at":"2023-04-16T15:14:53.484Z","updated_at":"2023-04-16T15:14:53.484Z","type":"DailyLogEntry","sociability":"social","mood":"Happy","depression_score":1,"anxiety_score":2,"sleep_score":7,"exercise":"cardio","meditation":"30","energy_levels":6,"notes":"I''m
        feeling great today!"}},{"id":"2","type":"user_entry","attributes":{"id":2,"user_id":2,"created_at":"2023-04-16T15:14:53.450Z","updated_at":"2023-04-16T15:14:53.450Z","type":"MicrodoseLogEntry","mood_before":"Happy","mood_after":"Introspective","dosage":1.5,"intensity":"medium","sociability":"withdrawn","journal_prompt":"What
        did you learn about yourself?","journal_entry":"I''ve realized some things
        I''d like to change in my life.","environment":"Hike in the foothills","other_notes":"I''ve
        still got some processing to do"}},{"id":"1","type":"user_entry","attributes":{"id":1,"user_id":2,"created_at":"2023-04-16T15:14:53.443Z","updated_at":"2023-04-16T15:14:53.443Z","type":"MicrodoseLogEntry","mood_before":"Melancholy","mood_after":"Happy","dosage":0.75,"intensity":"low","sociability":"anxious","journal_prompt":"How
        was your day?","journal_entry":"I felt great after today''s microdose!","environment":"The
        Park","other_notes":"What a nice little reset this was"}}]}'
  recorded_at: Wed, 19 Apr 2023 01:02:44 GMT
- request:
    method: get
    uri: http://localhost:3000/api/v1/users/2
    body:
      encoding: US-ASCII
      string: ''
    headers:
      User-Agent:
      - Faraday v2.7.4
      Accept-Encoding:
      - gzip;q=1.0,deflate;q=0.6,identity;q=0.3
      Accept:
      - "*/*"
  response:
    status:
      code: 200
      message: OK
    headers:
      X-Frame-Options:
      - SAMEORIGIN
      X-Xss-Protection:
      - '0'
      X-Content-Type-Options:
      - nosniff
      X-Download-Options:
      - noopen
      X-Permitted-Cross-Domain-Policies:
      - none
      Referrer-Policy:
      - strict-origin-when-cross-origin
      Content-Type:
      - application/json; charset=utf-8
      Vary:
      - Accept
      Etag:
      - W/"08e44f3141fc291bfe9eb7bade3663e5"
      Cache-Control:
      - max-age=0, private, must-revalidate
      X-Request-Id:
      - 927ed43e-751a-48c6-b63c-6c1ab7d5a2cb
      X-Runtime:
      - '0.003421'
      Server-Timing:
      - start_processing.action_controller;dur=0.04, sql.active_record;dur=0.34, instantiation.active_record;dur=0.02,
        render.active_model_serializers;dur=0.08, process_action.action_controller;dur=0.85
      Transfer-Encoding:
      - chunked
    body:
      encoding: UTF-8
      string: '{"data":{"id":"2","type":"user","attributes":{"name":"Bobby Luly","email":"bobbyluly@gmail.com","protocol_id":2,"data_sharing":true}}}'
  recorded_at: Wed, 19 Apr 2023 01:02:44 GMT
- request:
    method: get
    uri: http://localhost:3000/api/v1/users/2
    body:
      encoding: US-ASCII
      string: ''
    headers:
      User-Agent:
      - Faraday v2.7.4
      Accept-Encoding:
      - gzip;q=1.0,deflate;q=0.6,identity;q=0.3
      Accept:
      - "*/*"
  response:
    status:
      code: 200
      message: OK
    headers:
      X-Frame-Options:
      - SAMEORIGIN
      X-Xss-Protection:
      - '0'
      X-Content-Type-Options:
      - nosniff
      X-Download-Options:
      - noopen
      X-Permitted-Cross-Domain-Policies:
      - none
      Referrer-Policy:
      - strict-origin-when-cross-origin
      Content-Type:
      - application/json; charset=utf-8
      Vary:
      - Accept
      Etag:
      - W/"08e44f3141fc291bfe9eb7bade3663e5"
      Cache-Control:
      - max-age=0, private, must-revalidate
      X-Request-Id:
      - a8f589f6-58b2-4501-bb2c-7743b8acc6cc
      X-Runtime:
      - '0.003306'
      Server-Timing:
      - start_processing.action_controller;dur=0.04, sql.active_record;dur=0.33, instantiation.active_record;dur=0.02,
        render.active_model_serializers;dur=0.07, process_action.action_controller;dur=0.79
      Transfer-Encoding:
      - chunked
    body:
      encoding: UTF-8
      string: '{"data":{"id":"2","type":"user","attributes":{"name":"Bobby Luly","email":"bobbyluly@gmail.com","protocol_id":2,"data_sharing":true}}}'
  recorded_at: Wed, 19 Apr 2023 01:02:44 GMT
- request:
    method: get
    uri: http://localhost:3000/api/v1/users/2
    body:
      encoding: US-ASCII
      string: ''
    headers:
      User-Agent:
      - Faraday v2.7.4
      Accept-Encoding:
      - gzip;q=1.0,deflate;q=0.6,identity;q=0.3
      Accept:
      - "*/*"
  response:
    status:
      code: 200
      message: OK
    headers:
      X-Frame-Options:
      - SAMEORIGIN
      X-Xss-Protection:
      - '0'
      X-Content-Type-Options:
      - nosniff
      X-Download-Options:
      - noopen
      X-Permitted-Cross-Domain-Policies:
      - none
      Referrer-Policy:
      - strict-origin-when-cross-origin
      Content-Type:
      - application/json; charset=utf-8
      Vary:
      - Accept
      Etag:
      - W/"08e44f3141fc291bfe9eb7bade3663e5"
      Cache-Control:
      - max-age=0, private, must-revalidate
      X-Request-Id:
      - 9d1c2003-fa42-4632-8a98-432950f6fb27
      X-Runtime:
      - '0.003378'
      Server-Timing:
      - start_processing.action_controller;dur=0.04, sql.active_record;dur=0.29, instantiation.active_record;dur=0.02,
        render.active_model_serializers;dur=0.08, process_action.action_controller;dur=0.79
      Transfer-Encoding:
      - chunked
    body:
      encoding: UTF-8
      string: '{"data":{"id":"2","type":"user","attributes":{"name":"Bobby Luly","email":"bobbyluly@gmail.com","protocol_id":2,"data_sharing":true}}}'
  recorded_at: Wed, 19 Apr 2023 01:02:44 GMT
- request:
    method: get
    uri: http://localhost:3000/api/v1/users/2
    body:
      encoding: US-ASCII
      string: ''
    headers:
      User-Agent:
      - Faraday v2.7.4
      Accept-Encoding:
      - gzip;q=1.0,deflate;q=0.6,identity;q=0.3
      Accept:
      - "*/*"
  response:
    status:
      code: 200
      message: OK
    headers:
      X-Frame-Options:
      - SAMEORIGIN
      X-Xss-Protection:
      - '0'
      X-Content-Type-Options:
      - nosniff
      X-Download-Options:
      - noopen
      X-Permitted-Cross-Domain-Policies:
      - none
      Referrer-Policy:
      - strict-origin-when-cross-origin
      Content-Type:
      - application/json; charset=utf-8
      Vary:
      - Accept
      Etag:
      - W/"08e44f3141fc291bfe9eb7bade3663e5"
      Cache-Control:
      - max-age=0, private, must-revalidate
      X-Request-Id:
      - f5c869d7-36f6-4d8e-b76b-cdfbce6a3abc
      X-Runtime:
      - '0.003406'
      Server-Timing:
      - start_processing.action_controller;dur=0.04, sql.active_record;dur=0.32, instantiation.active_record;dur=0.02,
        render.active_model_serializers;dur=0.15, process_action.action_controller;dur=0.88
      Transfer-Encoding:
      - chunked
    body:
      encoding: UTF-8
      string: '{"data":{"id":"2","type":"user","attributes":{"name":"Bobby Luly","email":"bobbyluly@gmail.com","protocol_id":2,"data_sharing":true}}}'
  recorded_at: Wed, 19 Apr 2023 01:02:44 GMT
recorded_with: VCR 6.1.0
