---
http_interactions:
- request:
    method: post
    uri: https://pacific-reef-79035.herokuapp.com/api/v1/login
    body:
      encoding: UTF-8
      string: email=bobbyluly%40gmail.com&password=5678
    headers:
      Content-Type:
      - application/x-www-form-urlencoded
      Accept-Encoding:
      - gzip;q=1.0,deflate;q=0.6,identity;q=0.3
      Accept:
      - "*/*"
      User-Agent:
      - Ruby
  response:
    status:
      code: 200
      message: OK
    headers:
      Server:
      - Cowboy
      Date:
      - Tue, 18 Apr 2023 17:26:22 GMT
      Connection:
      - keep-alive
      X-Frame-Options:
      - SAMEORIGIN
      X-Xss-Protection:
      - '0'
      X-Content-Type-Options:
      - nosniff
      X-Download-Options:
      - noopen
      X-Permitted-Cross-Domain-Policies:
      - none
      Referrer-Policy:
      - strict-origin-when-cross-origin
      Content-Type:
      - application/json; charset=utf-8
      Vary:
      - Accept
      Etag:
      - W/"08e44f3141fc291bfe9eb7bade3663e5"
      Cache-Control:
      - max-age=0, private, must-revalidate
      X-Request-Id:
      - c96eff88-ce31-4de0-bfc9-26fa7b66834f
      X-Runtime:
      - '0.227081'
      Transfer-Encoding:
      - chunked
      Via:
      - 1.1 vegur
    body:
      encoding: UTF-8
      string: '{"data":{"id":"2","type":"user","attributes":{"name":"Bobby Luly","email":"bobbyluly@gmail.com","protocol_id":2,"data_sharing":true}}}'
  recorded_at: Tue, 18 Apr 2023 17:26:23 GMT
- request:
    method: get
    uri: https://pacific-reef-79035.herokuapp.com/api/v1/users/2
    body:
      encoding: US-ASCII
      string: ''
    headers:
      User-Agent:
      - Faraday v2.7.4
      Accept-Encoding:
      - gzip;q=1.0,deflate;q=0.6,identity;q=0.3
      Accept:
      - "*/*"
  response:
    status:
      code: 200
      message: OK
    headers:
      Server:
      - Cowboy
      Date:
      - Tue, 18 Apr 2023 17:26:23 GMT
      Connection:
      - keep-alive
      X-Frame-Options:
      - SAMEORIGIN
      X-Xss-Protection:
      - '0'
      X-Content-Type-Options:
      - nosniff
      X-Download-Options:
      - noopen
      X-Permitted-Cross-Domain-Policies:
      - none
      Referrer-Policy:
      - strict-origin-when-cross-origin
      Content-Type:
      - application/json; charset=utf-8
      Vary:
      - Accept
      Etag:
      - W/"08e44f3141fc291bfe9eb7bade3663e5"
      Cache-Control:
      - max-age=0, private, must-revalidate
      X-Request-Id:
      - 0e5fd90f-ff8f-4708-91c8-538a518d78ce
      X-Runtime:
      - '0.003220'
      Transfer-Encoding:
      - chunked
      Via:
      - 1.1 vegur
    body:
      encoding: UTF-8
      string: '{"data":{"id":"2","type":"user","attributes":{"name":"Bobby Luly","email":"bobbyluly@gmail.com","protocol_id":2,"data_sharing":true}}}'
  recorded_at: Tue, 18 Apr 2023 17:26:23 GMT
- request:
    method: get
    uri: https://pacific-reef-79035.herokuapp.com/api/v1/users/2
    body:
      encoding: US-ASCII
      string: ''
    headers:
      User-Agent:
      - Faraday v2.7.4
      Accept-Encoding:
      - gzip;q=1.0,deflate;q=0.6,identity;q=0.3
      Accept:
      - "*/*"
  response:
    status:
      code: 200
      message: OK
    headers:
      Server:
      - Cowboy
      Date:
      - Tue, 18 Apr 2023 17:26:23 GMT
      Connection:
      - keep-alive
      X-Frame-Options:
      - SAMEORIGIN
      X-Xss-Protection:
      - '0'
      X-Content-Type-Options:
      - nosniff
      X-Download-Options:
      - noopen
      X-Permitted-Cross-Domain-Policies:
      - none
      Referrer-Policy:
      - strict-origin-when-cross-origin
      Content-Type:
      - application/json; charset=utf-8
      Vary:
      - Accept
      Etag:
      - W/"08e44f3141fc291bfe9eb7bade3663e5"
      Cache-Control:
      - max-age=0, private, must-revalidate
      X-Request-Id:
      - f67c52ab-ae30-4bd6-9352-5d078f6a838a
      X-Runtime:
      - '0.003214'
      Transfer-Encoding:
      - chunked
      Via:
      - 1.1 vegur
    body:
      encoding: UTF-8
      string: '{"data":{"id":"2","type":"user","attributes":{"name":"Bobby Luly","email":"bobbyluly@gmail.com","protocol_id":2,"data_sharing":true}}}'
  recorded_at: Tue, 18 Apr 2023 17:26:24 GMT
- request:
    method: get
    uri: https://pacific-reef-79035.herokuapp.com/api/v1/users/2
    body:
      encoding: US-ASCII
      string: ''
    headers:
      User-Agent:
      - Faraday v2.7.4
      Accept-Encoding:
      - gzip;q=1.0,deflate;q=0.6,identity;q=0.3
      Accept:
      - "*/*"
  response:
    status:
      code: 200
      message: OK
    headers:
      Server:
      - Cowboy
      Date:
      - Tue, 18 Apr 2023 17:26:23 GMT
      Connection:
      - keep-alive
      X-Frame-Options:
      - SAMEORIGIN
      X-Xss-Protection:
      - '0'
      X-Content-Type-Options:
      - nosniff
      X-Download-Options:
      - noopen
      X-Permitted-Cross-Domain-Policies:
      - none
      Referrer-Policy:
      - strict-origin-when-cross-origin
      Content-Type:
      - application/json; charset=utf-8
      Vary:
      - Accept
      Etag:
      - W/"08e44f3141fc291bfe9eb7bade3663e5"
      Cache-Control:
      - max-age=0, private, must-revalidate
      X-Request-Id:
      - f026c584-e8e6-4fca-8bda-1b57c0bfdaf3
      X-Runtime:
      - '0.003530'
      Transfer-Encoding:
      - chunked
      Via:
      - 1.1 vegur
    body:
      encoding: UTF-8
      string: '{"data":{"id":"2","type":"user","attributes":{"name":"Bobby Luly","email":"bobbyluly@gmail.com","protocol_id":2,"data_sharing":true}}}'
  recorded_at: Tue, 18 Apr 2023 17:26:24 GMT
- request:
    method: get
    uri: https://pacific-reef-79035.herokuapp.com/api/v1/users/2/log_entries
    body:
      encoding: US-ASCII
      string: ''
    headers:
      User-Agent:
      - Faraday v2.7.4
      Accept-Encoding:
      - gzip;q=1.0,deflate;q=0.6,identity;q=0.3
      Accept:
      - "*/*"
  response:
    status:
      code: 200
      message: OK
    headers:
      Server:
      - Cowboy
      Date:
      - Tue, 18 Apr 2023 17:26:24 GMT
      Connection:
      - keep-alive
      X-Frame-Options:
      - SAMEORIGIN
      X-Xss-Protection:
      - '0'
      X-Content-Type-Options:
      - nosniff
      X-Download-Options:
      - noopen
      X-Permitted-Cross-Domain-Policies:
      - none
      Referrer-Policy:
      - strict-origin-when-cross-origin
      Content-Type:
      - application/json; charset=utf-8
      Vary:
      - Accept
      Etag:
      - W/"1c18aab982877f400cef1deb6c2f73c4"
      Cache-Control:
      - max-age=0, private, must-revalidate
      X-Request-Id:
      - a552c086-a193-4578-b48a-303f6c6f1b99
      X-Runtime:
      - '0.007272'
      Transfer-Encoding:
      - chunked
      Via:
      - 1.1 vegur
    body:
      encoding: UTF-8
      string: '{"data":[{"id":"2","type":"user_entry","attributes":{"id":2,"user_id":2,"created_at":"2023-04-16T15:26:59.221Z","updated_at":"2023-04-16T15:26:59.221Z","type":"DailyLogEntry","sociability":"social","mood":"Mellow","depression_score":1,"anxiety_score":1,"sleep_score":8,"exercise":"cardio","meditation":45,"energy_levels":7,"notes":"Tranquil
        day today"}},{"id":"1","type":"user_entry","attributes":{"id":1,"user_id":2,"created_at":"2023-04-16T15:26:59.218Z","updated_at":"2023-04-16T15:26:59.218Z","type":"DailyLogEntry","sociability":"social","mood":"Happy","depression_score":1,"anxiety_score":2,"sleep_score":7,"exercise":"cardio","meditation":30,"energy_levels":6,"notes":"I''m
        feeling great today!"}},{"id":"2","type":"user_entry","attributes":{"id":2,"user_id":2,"created_at":"2023-04-16T15:26:59.204Z","updated_at":"2023-04-16T15:26:59.204Z","type":"MicrodoseLogEntry","mood_before":"Happy","mood_after":"Introspective","dosage":1.5,"intensity":"medium","sociability":"withdrawn","journal_prompt":"What
        did you learn about yourself?","journal_entry":"I''ve realized some things
        I''d like to change in my life.","environment":"Hike in the foothills","other_notes":"I''ve
        still got some processing to do"}},{"id":"1","type":"user_entry","attributes":{"id":1,"user_id":2,"created_at":"2023-04-16T15:26:59.198Z","updated_at":"2023-04-16T15:26:59.198Z","type":"MicrodoseLogEntry","mood_before":"Melancholy","mood_after":"Happy","dosage":0.75,"intensity":"low","sociability":"anxious","journal_prompt":"How
        was your day?","journal_entry":"I felt great after today''s microdose!","environment":"The
        Park","other_notes":"What a nice little reset this was"}}]}'
  recorded_at: Tue, 18 Apr 2023 17:26:24 GMT
- request:
    method: get
    uri: https://pacific-reef-79035.herokuapp.com/api/v1/users/2/log_entries
    body:
      encoding: US-ASCII
      string: ''
    headers:
      User-Agent:
      - Faraday v2.7.4
      Accept-Encoding:
      - gzip;q=1.0,deflate;q=0.6,identity;q=0.3
      Accept:
      - "*/*"
  response:
    status:
      code: 200
      message: OK
    headers:
      Server:
      - Cowboy
      Date:
      - Tue, 18 Apr 2023 17:26:24 GMT
      Connection:
      - keep-alive
      X-Frame-Options:
      - SAMEORIGIN
      X-Xss-Protection:
      - '0'
      X-Content-Type-Options:
      - nosniff
      X-Download-Options:
      - noopen
      X-Permitted-Cross-Domain-Policies:
      - none
      Referrer-Policy:
      - strict-origin-when-cross-origin
      Content-Type:
      - application/json; charset=utf-8
      Vary:
      - Accept
      Etag:
      - W/"1c18aab982877f400cef1deb6c2f73c4"
      Cache-Control:
      - max-age=0, private, must-revalidate
      X-Request-Id:
      - a51db07c-a61c-4970-bd00-4fa588726386
      X-Runtime:
      - '0.008554'
      Transfer-Encoding:
      - chunked
      Via:
      - 1.1 vegur
    body:
      encoding: UTF-8
      string: '{"data":[{"id":"2","type":"user_entry","attributes":{"id":2,"user_id":2,"created_at":"2023-04-16T15:26:59.221Z","updated_at":"2023-04-16T15:26:59.221Z","type":"DailyLogEntry","sociability":"social","mood":"Mellow","depression_score":1,"anxiety_score":1,"sleep_score":8,"exercise":"cardio","meditation":45,"energy_levels":7,"notes":"Tranquil
        day today"}},{"id":"1","type":"user_entry","attributes":{"id":1,"user_id":2,"created_at":"2023-04-16T15:26:59.218Z","updated_at":"2023-04-16T15:26:59.218Z","type":"DailyLogEntry","sociability":"social","mood":"Happy","depression_score":1,"anxiety_score":2,"sleep_score":7,"exercise":"cardio","meditation":30,"energy_levels":6,"notes":"I''m
        feeling great today!"}},{"id":"2","type":"user_entry","attributes":{"id":2,"user_id":2,"created_at":"2023-04-16T15:26:59.204Z","updated_at":"2023-04-16T15:26:59.204Z","type":"MicrodoseLogEntry","mood_before":"Happy","mood_after":"Introspective","dosage":1.5,"intensity":"medium","sociability":"withdrawn","journal_prompt":"What
        did you learn about yourself?","journal_entry":"I''ve realized some things
        I''d like to change in my life.","environment":"Hike in the foothills","other_notes":"I''ve
        still got some processing to do"}},{"id":"1","type":"user_entry","attributes":{"id":1,"user_id":2,"created_at":"2023-04-16T15:26:59.198Z","updated_at":"2023-04-16T15:26:59.198Z","type":"MicrodoseLogEntry","mood_before":"Melancholy","mood_after":"Happy","dosage":0.75,"intensity":"low","sociability":"anxious","journal_prompt":"How
        was your day?","journal_entry":"I felt great after today''s microdose!","environment":"The
        Park","other_notes":"What a nice little reset this was"}}]}'
  recorded_at: Tue, 18 Apr 2023 17:26:25 GMT
- request:
    method: get
    uri: https://pacific-reef-79035.herokuapp.com/api/v1/users/2
    body:
      encoding: US-ASCII
      string: ''
    headers:
      User-Agent:
      - Faraday v2.7.4
      Accept-Encoding:
      - gzip;q=1.0,deflate;q=0.6,identity;q=0.3
      Accept:
      - "*/*"
  response:
    status:
      code: 200
      message: OK
    headers:
      Server:
      - Cowboy
      Date:
      - Tue, 18 Apr 2023 17:26:24 GMT
      Connection:
      - keep-alive
      X-Frame-Options:
      - SAMEORIGIN
      X-Xss-Protection:
      - '0'
      X-Content-Type-Options:
      - nosniff
      X-Download-Options:
      - noopen
      X-Permitted-Cross-Domain-Policies:
      - none
      Referrer-Policy:
      - strict-origin-when-cross-origin
      Content-Type:
      - application/json; charset=utf-8
      Vary:
      - Accept
      Etag:
      - W/"08e44f3141fc291bfe9eb7bade3663e5"
      Cache-Control:
      - max-age=0, private, must-revalidate
      X-Request-Id:
      - 40b31ba4-a9bd-4201-9bfd-53652ef1887f
      X-Runtime:
      - '0.003388'
      Transfer-Encoding:
      - chunked
      Via:
      - 1.1 vegur
    body:
      encoding: UTF-8
      string: '{"data":{"id":"2","type":"user","attributes":{"name":"Bobby Luly","email":"bobbyluly@gmail.com","protocol_id":2,"data_sharing":true}}}'
  recorded_at: Tue, 18 Apr 2023 17:26:25 GMT
- request:
    method: get
    uri: https://pacific-reef-79035.herokuapp.com/api/v1/users/2
    body:
      encoding: US-ASCII
      string: ''
    headers:
      User-Agent:
      - Faraday v2.7.4
      Accept-Encoding:
      - gzip;q=1.0,deflate;q=0.6,identity;q=0.3
      Accept:
      - "*/*"
  response:
    status:
      code: 200
      message: OK
    headers:
      Server:
      - Cowboy
      Date:
      - Tue, 18 Apr 2023 17:26:24 GMT
      Connection:
      - keep-alive
      X-Frame-Options:
      - SAMEORIGIN
      X-Xss-Protection:
      - '0'
      X-Content-Type-Options:
      - nosniff
      X-Download-Options:
      - noopen
      X-Permitted-Cross-Domain-Policies:
      - none
      Referrer-Policy:
      - strict-origin-when-cross-origin
      Content-Type:
      - application/json; charset=utf-8
      Vary:
      - Accept
      Etag:
      - W/"08e44f3141fc291bfe9eb7bade3663e5"
      Cache-Control:
      - max-age=0, private, must-revalidate
      X-Request-Id:
      - 55f4140f-fc18-4a37-827a-b294865a8e3d
      X-Runtime:
      - '0.003467'
      Transfer-Encoding:
      - chunked
      Via:
      - 1.1 vegur
    body:
      encoding: UTF-8
      string: '{"data":{"id":"2","type":"user","attributes":{"name":"Bobby Luly","email":"bobbyluly@gmail.com","protocol_id":2,"data_sharing":true}}}'
  recorded_at: Tue, 18 Apr 2023 17:26:25 GMT
- request:
    method: get
    uri: https://pacific-reef-79035.herokuapp.com/api/v1/users/2
    body:
      encoding: US-ASCII
      string: ''
    headers:
      User-Agent:
      - Faraday v2.7.4
      Accept-Encoding:
      - gzip;q=1.0,deflate;q=0.6,identity;q=0.3
      Accept:
      - "*/*"
  response:
    status:
      code: 200
      message: OK
    headers:
      Server:
      - Cowboy
      Date:
      - Tue, 18 Apr 2023 17:26:25 GMT
      Connection:
      - keep-alive
      X-Frame-Options:
      - SAMEORIGIN
      X-Xss-Protection:
      - '0'
      X-Content-Type-Options:
      - nosniff
      X-Download-Options:
      - noopen
      X-Permitted-Cross-Domain-Policies:
      - none
      Referrer-Policy:
      - strict-origin-when-cross-origin
      Content-Type:
      - application/json; charset=utf-8
      Vary:
      - Accept
      Etag:
      - W/"08e44f3141fc291bfe9eb7bade3663e5"
      Cache-Control:
      - max-age=0, private, must-revalidate
      X-Request-Id:
      - 9114ec96-48b9-48b2-b2df-cf3b16d658a7
      X-Runtime:
      - '0.003215'
      Transfer-Encoding:
      - chunked
      Via:
      - 1.1 vegur
    body:
      encoding: UTF-8
      string: '{"data":{"id":"2","type":"user","attributes":{"name":"Bobby Luly","email":"bobbyluly@gmail.com","protocol_id":2,"data_sharing":true}}}'
  recorded_at: Tue, 18 Apr 2023 17:26:25 GMT
- request:
    method: get
    uri: https://pacific-reef-79035.herokuapp.com/api/v1/users/2
    body:
      encoding: US-ASCII
      string: ''
    headers:
      User-Agent:
      - Faraday v2.7.4
      Accept-Encoding:
      - gzip;q=1.0,deflate;q=0.6,identity;q=0.3
      Accept:
      - "*/*"
  response:
    status:
      code: 200
      message: OK
    headers:
      Server:
      - Cowboy
      Date:
      - Tue, 18 Apr 2023 17:26:25 GMT
      Connection:
      - keep-alive
      X-Frame-Options:
      - SAMEORIGIN
      X-Xss-Protection:
      - '0'
      X-Content-Type-Options:
      - nosniff
      X-Download-Options:
      - noopen
      X-Permitted-Cross-Domain-Policies:
      - none
      Referrer-Policy:
      - strict-origin-when-cross-origin
      Content-Type:
      - application/json; charset=utf-8
      Vary:
      - Accept
      Etag:
      - W/"08e44f3141fc291bfe9eb7bade3663e5"
      Cache-Control:
      - max-age=0, private, must-revalidate
      X-Request-Id:
      - eb391721-0358-40ef-b14f-6c3dedbec95a
      X-Runtime:
      - '0.003133'
      Transfer-Encoding:
      - chunked
      Via:
      - 1.1 vegur
    body:
      encoding: UTF-8
      string: '{"data":{"id":"2","type":"user","attributes":{"name":"Bobby Luly","email":"bobbyluly@gmail.com","protocol_id":2,"data_sharing":true}}}'
  recorded_at: Tue, 18 Apr 2023 17:26:26 GMT
recorded_with: VCR 6.1.0
