---
http_interactions:
- request:
    method: post
    uri: https://pacific-reef-79035.herokuapp.com/api/v1/login
    body:
      encoding: UTF-8
      string: email=bobbyluly%40gmail.com&password=5678
    headers:
      Content-Type:
      - application/x-www-form-urlencoded
      Accept-Encoding:
      - gzip;q=1.0,deflate;q=0.6,identity;q=0.3
      Accept:
      - "*/*"
      User-Agent:
      - Ruby
  response:
    status:
      code: 200
      message: OK
    headers:
      Server:
      - Cowboy
      Date:
      - Thu, 20 Apr 2023 17:16:24 GMT
      Connection:
      - keep-alive
      X-Frame-Options:
      - SAMEORIGIN
      X-Xss-Protection:
      - '0'
      X-Content-Type-Options:
      - nosniff
      X-Download-Options:
      - noopen
      X-Permitted-Cross-Domain-Policies:
      - none
      Referrer-Policy:
      - strict-origin-when-cross-origin
      Content-Type:
      - application/json; charset=utf-8
      Vary:
      - Accept
      Etag:
      - W/"08e44f3141fc291bfe9eb7bade3663e5"
      Cache-Control:
      - max-age=0, private, must-revalidate
      X-Request-Id:
      - 4c3e1935-fa87-43bf-b793-504ed21931ca
      X-Runtime:
      - '0.227545'
      Transfer-Encoding:
      - chunked
      Via:
      - 1.1 vegur
    body:
      encoding: UTF-8
      string: '{"data":{"id":"2","type":"user","attributes":{"name":"Bobby Luly","email":"bobbyluly@gmail.com","protocol_id":2,"data_sharing":true}}}'
  recorded_at: Thu, 20 Apr 2023 17:16:24 GMT
- request:
    method: get
    uri: https://pacific-reef-79035.herokuapp.com/api/v1/users/2
    body:
      encoding: US-ASCII
      string: ''
    headers:
      User-Agent:
      - Faraday v2.7.4
      Accept-Encoding:
      - gzip;q=1.0,deflate;q=0.6,identity;q=0.3
      Accept:
      - "*/*"
  response:
    status:
      code: 200
      message: OK
    headers:
      Server:
      - Cowboy
      Date:
      - Thu, 20 Apr 2023 17:16:23 GMT
      Connection:
      - keep-alive
      X-Frame-Options:
      - SAMEORIGIN
      X-Xss-Protection:
      - '0'
      X-Content-Type-Options:
      - nosniff
      X-Download-Options:
      - noopen
      X-Permitted-Cross-Domain-Policies:
      - none
      Referrer-Policy:
      - strict-origin-when-cross-origin
      Content-Type:
      - application/json; charset=utf-8
      Vary:
      - Accept
      Etag:
      - W/"08e44f3141fc291bfe9eb7bade3663e5"
      Cache-Control:
      - max-age=0, private, must-revalidate
      X-Request-Id:
      - 43e64bd2-6f0e-4681-9921-c2dd7e069d74
      X-Runtime:
      - '0.003418'
      Transfer-Encoding:
      - chunked
      Via:
      - 1.1 vegur
    body:
      encoding: UTF-8
      string: '{"data":{"id":"2","type":"user","attributes":{"name":"Bobby Luly","email":"bobbyluly@gmail.com","protocol_id":2,"data_sharing":true}}}'
  recorded_at: Thu, 20 Apr 2023 17:16:24 GMT
- request:
    method: get
    uri: https://pacific-reef-79035.herokuapp.com/api/v1/users/2
    body:
      encoding: US-ASCII
      string: ''
    headers:
      User-Agent:
      - Faraday v2.7.4
      Accept-Encoding:
      - gzip;q=1.0,deflate;q=0.6,identity;q=0.3
      Accept:
      - "*/*"
  response:
    status:
      code: 200
      message: OK
    headers:
      Server:
      - Cowboy
      Date:
      - Thu, 20 Apr 2023 17:16:24 GMT
      Connection:
      - keep-alive
      X-Frame-Options:
      - SAMEORIGIN
      X-Xss-Protection:
      - '0'
      X-Content-Type-Options:
      - nosniff
      X-Download-Options:
      - noopen
      X-Permitted-Cross-Domain-Policies:
      - none
      Referrer-Policy:
      - strict-origin-when-cross-origin
      Content-Type:
      - application/json; charset=utf-8
      Vary:
      - Accept
      Etag:
      - W/"08e44f3141fc291bfe9eb7bade3663e5"
      Cache-Control:
      - max-age=0, private, must-revalidate
      X-Request-Id:
      - 57d53f09-8c60-4764-b671-4f2b21207f30
      X-Runtime:
      - '0.003106'
      Transfer-Encoding:
      - chunked
      Via:
      - 1.1 vegur
    body:
      encoding: UTF-8
      string: '{"data":{"id":"2","type":"user","attributes":{"name":"Bobby Luly","email":"bobbyluly@gmail.com","protocol_id":2,"data_sharing":true}}}'
  recorded_at: Thu, 20 Apr 2023 17:16:25 GMT
- request:
    method: get
    uri: https://pacific-reef-79035.herokuapp.com/api/v1/users/2
    body:
      encoding: US-ASCII
      string: ''
    headers:
      User-Agent:
      - Faraday v2.7.4
      Accept-Encoding:
      - gzip;q=1.0,deflate;q=0.6,identity;q=0.3
      Accept:
      - "*/*"
  response:
    status:
      code: 200
      message: OK
    headers:
      Server:
      - Cowboy
      Date:
      - Thu, 20 Apr 2023 17:16:24 GMT
      Connection:
      - keep-alive
      X-Frame-Options:
      - SAMEORIGIN
      X-Xss-Protection:
      - '0'
      X-Content-Type-Options:
      - nosniff
      X-Download-Options:
      - noopen
      X-Permitted-Cross-Domain-Policies:
      - none
      Referrer-Policy:
      - strict-origin-when-cross-origin
      Content-Type:
      - application/json; charset=utf-8
      Vary:
      - Accept
      Etag:
      - W/"08e44f3141fc291bfe9eb7bade3663e5"
      Cache-Control:
      - max-age=0, private, must-revalidate
      X-Request-Id:
      - 7ea60cc9-45ef-4db1-a80e-e8aacaf5a48f
      X-Runtime:
      - '0.003284'
      Transfer-Encoding:
      - chunked
      Via:
      - 1.1 vegur
    body:
      encoding: UTF-8
      string: '{"data":{"id":"2","type":"user","attributes":{"name":"Bobby Luly","email":"bobbyluly@gmail.com","protocol_id":2,"data_sharing":true}}}'
  recorded_at: Thu, 20 Apr 2023 17:16:25 GMT
- request:
    method: get
    uri: https://pacific-reef-79035.herokuapp.com/api/v1/users/2
    body:
      encoding: US-ASCII
      string: ''
    headers:
      User-Agent:
      - Faraday v2.7.4
      Accept-Encoding:
      - gzip;q=1.0,deflate;q=0.6,identity;q=0.3
      Accept:
      - "*/*"
  response:
    status:
      code: 200
      message: OK
    headers:
      Server:
      - Cowboy
      Date:
      - Thu, 20 Apr 2023 17:16:25 GMT
      Connection:
      - keep-alive
      X-Frame-Options:
      - SAMEORIGIN
      X-Xss-Protection:
      - '0'
      X-Content-Type-Options:
      - nosniff
      X-Download-Options:
      - noopen
      X-Permitted-Cross-Domain-Policies:
      - none
      Referrer-Policy:
      - strict-origin-when-cross-origin
      Content-Type:
      - application/json; charset=utf-8
      Vary:
      - Accept
      Etag:
      - W/"08e44f3141fc291bfe9eb7bade3663e5"
      Cache-Control:
      - max-age=0, private, must-revalidate
      X-Request-Id:
      - 4ab95c8d-4cfa-4b84-a2ea-7c2e25f20220
      X-Runtime:
      - '0.004397'
      Transfer-Encoding:
      - chunked
      Via:
      - 1.1 vegur
    body:
      encoding: UTF-8
      string: '{"data":{"id":"2","type":"user","attributes":{"name":"Bobby Luly","email":"bobbyluly@gmail.com","protocol_id":2,"data_sharing":true}}}'
  recorded_at: Thu, 20 Apr 2023 17:16:25 GMT
- request:
    method: get
    uri: https://pacific-reef-79035.herokuapp.com/api/v1/users/2
    body:
      encoding: US-ASCII
      string: ''
    headers:
      User-Agent:
      - Faraday v2.7.4
      Accept-Encoding:
      - gzip;q=1.0,deflate;q=0.6,identity;q=0.3
      Accept:
      - "*/*"
  response:
    status:
      code: 200
      message: OK
    headers:
      Server:
      - Cowboy
      Date:
      - Thu, 20 Apr 2023 17:16:25 GMT
      Connection:
      - keep-alive
      X-Frame-Options:
      - SAMEORIGIN
      X-Xss-Protection:
      - '0'
      X-Content-Type-Options:
      - nosniff
      X-Download-Options:
      - noopen
      X-Permitted-Cross-Domain-Policies:
      - none
      Referrer-Policy:
      - strict-origin-when-cross-origin
      Content-Type:
      - application/json; charset=utf-8
      Vary:
      - Accept
      Etag:
      - W/"08e44f3141fc291bfe9eb7bade3663e5"
      Cache-Control:
      - max-age=0, private, must-revalidate
      X-Request-Id:
      - 7cc3326e-0290-42ea-b187-21571840a930
      X-Runtime:
      - '0.003227'
      Transfer-Encoding:
      - chunked
      Via:
      - 1.1 vegur
    body:
      encoding: UTF-8
      string: '{"data":{"id":"2","type":"user","attributes":{"name":"Bobby Luly","email":"bobbyluly@gmail.com","protocol_id":2,"data_sharing":true}}}'
  recorded_at: Thu, 20 Apr 2023 17:16:25 GMT
- request:
    method: get
    uri: https://pacific-reef-79035.herokuapp.com/api/v1/users/2
    body:
      encoding: US-ASCII
      string: ''
    headers:
      User-Agent:
      - Faraday v2.7.4
      Accept-Encoding:
      - gzip;q=1.0,deflate;q=0.6,identity;q=0.3
      Accept:
      - "*/*"
  response:
    status:
      code: 200
      message: OK
    headers:
      Server:
      - Cowboy
      Date:
      - Thu, 20 Apr 2023 17:16:25 GMT
      Connection:
      - keep-alive
      X-Frame-Options:
      - SAMEORIGIN
      X-Xss-Protection:
      - '0'
      X-Content-Type-Options:
      - nosniff
      X-Download-Options:
      - noopen
      X-Permitted-Cross-Domain-Policies:
      - none
      Referrer-Policy:
      - strict-origin-when-cross-origin
      Content-Type:
      - application/json; charset=utf-8
      Vary:
      - Accept
      Etag:
      - W/"08e44f3141fc291bfe9eb7bade3663e5"
      Cache-Control:
      - max-age=0, private, must-revalidate
      X-Request-Id:
      - 4d364fcf-ba4a-4368-9b20-f86389793c9f
      X-Runtime:
      - '0.003358'
      Transfer-Encoding:
      - chunked
      Via:
      - 1.1 vegur
    body:
      encoding: UTF-8
      string: '{"data":{"id":"2","type":"user","attributes":{"name":"Bobby Luly","email":"bobbyluly@gmail.com","protocol_id":2,"data_sharing":true}}}'
  recorded_at: Thu, 20 Apr 2023 17:16:26 GMT
- request:
    method: get
    uri: https://pacific-reef-79035.herokuapp.com/api/v1/users/2/log_entries
    body:
      encoding: US-ASCII
      string: ''
    headers:
      User-Agent:
      - Faraday v2.7.4
      Accept-Encoding:
      - gzip;q=1.0,deflate;q=0.6,identity;q=0.3
      Accept:
      - "*/*"
  response:
    status:
      code: 200
      message: OK
    headers:
      Server:
      - Cowboy
      Date:
      - Thu, 20 Apr 2023 17:16:25 GMT
      Connection:
      - keep-alive
      X-Frame-Options:
      - SAMEORIGIN
      X-Xss-Protection:
      - '0'
      X-Content-Type-Options:
      - nosniff
      X-Download-Options:
      - noopen
      X-Permitted-Cross-Domain-Policies:
      - none
      Referrer-Policy:
      - strict-origin-when-cross-origin
      Content-Type:
      - application/json; charset=utf-8
      Vary:
      - Accept
      Etag:
      - W/"11a30aa33942a3816cbc6a2d8da4c29c"
      Cache-Control:
      - max-age=0, private, must-revalidate
      X-Request-Id:
      - '037596da-d3ab-4da5-b3d5-ec0fe063e06f'
      X-Runtime:
      - '0.006345'
      Transfer-Encoding:
      - chunked
      Via:
      - 1.1 vegur
    body:
      encoding: UTF-8
      string: '{"data":[{"id":"2","type":"user_entry","attributes":{"id":2,"user_id":2,"created_at":"2023-04-19T22:03:54.034Z","updated_at":"2023-04-19T22:03:54.034Z","type":"DailyLogEntry","sociability":"social","mood":"Mellow","depression_score":1,"anxiety_score":1,"sleep_score":8,"exercise":"cardio","meditation":"45","energy_levels":7,"notes":"Tranquil
        day today"}},{"id":"1","type":"user_entry","attributes":{"id":1,"user_id":2,"created_at":"2023-04-19T22:03:54.029Z","updated_at":"2023-04-19T22:03:54.029Z","type":"DailyLogEntry","sociability":"social","mood":"Happy","depression_score":1,"anxiety_score":2,"sleep_score":7,"exercise":"cardio","meditation":"30","energy_levels":6,"notes":"I''m
        feeling great today!"}},{"id":"2","type":"user_entry","attributes":{"id":2,"user_id":2,"created_at":"2023-04-19T22:03:54.014Z","updated_at":"2023-04-19T22:03:54.014Z","type":"MicrodoseLogEntry","mood_before":"Happy","mood_after":"Introspective","dosage":1.5,"intensity":"medium","sociability":"withdrawn","journal_prompt":"What
        did you learn about yourself?","journal_entry":"I''ve realized some things
        I''d like to change in my life.","environment":"Hike in the foothills","other_notes":"I''ve
        still got some processing to do"}},{"id":"1","type":"user_entry","attributes":{"id":1,"user_id":2,"created_at":"2023-04-19T22:03:54.008Z","updated_at":"2023-04-19T22:03:54.008Z","type":"MicrodoseLogEntry","mood_before":"Melancholy","mood_after":"Happy","dosage":0.75,"intensity":"low","sociability":"anxious","journal_prompt":"How
        was your day?","journal_entry":"I felt great after today''s microdose!","environment":"The
        Park","other_notes":"What a nice little reset this was"}}]}'
  recorded_at: Thu, 20 Apr 2023 17:16:26 GMT
- request:
    method: get
    uri: https://pacific-reef-79035.herokuapp.com/api/v1/users/2/log_entries
    body:
      encoding: US-ASCII
      string: ''
    headers:
      User-Agent:
      - Faraday v2.7.4
      Accept-Encoding:
      - gzip;q=1.0,deflate;q=0.6,identity;q=0.3
      Accept:
      - "*/*"
  response:
    status:
      code: 200
      message: OK
    headers:
      Server:
      - Cowboy
      Date:
      - Thu, 20 Apr 2023 17:16:26 GMT
      Connection:
      - keep-alive
      X-Frame-Options:
      - SAMEORIGIN
      X-Xss-Protection:
      - '0'
      X-Content-Type-Options:
      - nosniff
      X-Download-Options:
      - noopen
      X-Permitted-Cross-Domain-Policies:
      - none
      Referrer-Policy:
      - strict-origin-when-cross-origin
      Content-Type:
      - application/json; charset=utf-8
      Vary:
      - Accept
      Etag:
      - W/"11a30aa33942a3816cbc6a2d8da4c29c"
      Cache-Control:
      - max-age=0, private, must-revalidate
      X-Request-Id:
      - 6aa3bf5a-ee1c-4408-9b19-15c6a20af1f6
      X-Runtime:
      - '0.007015'
      Transfer-Encoding:
      - chunked
      Via:
      - 1.1 vegur
    body:
      encoding: UTF-8
      string: '{"data":[{"id":"2","type":"user_entry","attributes":{"id":2,"user_id":2,"created_at":"2023-04-19T22:03:54.034Z","updated_at":"2023-04-19T22:03:54.034Z","type":"DailyLogEntry","sociability":"social","mood":"Mellow","depression_score":1,"anxiety_score":1,"sleep_score":8,"exercise":"cardio","meditation":"45","energy_levels":7,"notes":"Tranquil
        day today"}},{"id":"1","type":"user_entry","attributes":{"id":1,"user_id":2,"created_at":"2023-04-19T22:03:54.029Z","updated_at":"2023-04-19T22:03:54.029Z","type":"DailyLogEntry","sociability":"social","mood":"Happy","depression_score":1,"anxiety_score":2,"sleep_score":7,"exercise":"cardio","meditation":"30","energy_levels":6,"notes":"I''m
        feeling great today!"}},{"id":"2","type":"user_entry","attributes":{"id":2,"user_id":2,"created_at":"2023-04-19T22:03:54.014Z","updated_at":"2023-04-19T22:03:54.014Z","type":"MicrodoseLogEntry","mood_before":"Happy","mood_after":"Introspective","dosage":1.5,"intensity":"medium","sociability":"withdrawn","journal_prompt":"What
        did you learn about yourself?","journal_entry":"I''ve realized some things
        I''d like to change in my life.","environment":"Hike in the foothills","other_notes":"I''ve
        still got some processing to do"}},{"id":"1","type":"user_entry","attributes":{"id":1,"user_id":2,"created_at":"2023-04-19T22:03:54.008Z","updated_at":"2023-04-19T22:03:54.008Z","type":"MicrodoseLogEntry","mood_before":"Melancholy","mood_after":"Happy","dosage":0.75,"intensity":"low","sociability":"anxious","journal_prompt":"How
        was your day?","journal_entry":"I felt great after today''s microdose!","environment":"The
        Park","other_notes":"What a nice little reset this was"}}]}'
  recorded_at: Thu, 20 Apr 2023 17:16:26 GMT
- request:
    method: get
    uri: https://pacific-reef-79035.herokuapp.com/api/v1/users/2
    body:
      encoding: US-ASCII
      string: ''
    headers:
      User-Agent:
      - Faraday v2.7.4
      Accept-Encoding:
      - gzip;q=1.0,deflate;q=0.6,identity;q=0.3
      Accept:
      - "*/*"
  response:
    status:
      code: 200
      message: OK
    headers:
      Server:
      - Cowboy
      Date:
      - Thu, 20 Apr 2023 17:16:26 GMT
      Connection:
      - keep-alive
      X-Frame-Options:
      - SAMEORIGIN
      X-Xss-Protection:
      - '0'
      X-Content-Type-Options:
      - nosniff
      X-Download-Options:
      - noopen
      X-Permitted-Cross-Domain-Policies:
      - none
      Referrer-Policy:
      - strict-origin-when-cross-origin
      Content-Type:
      - application/json; charset=utf-8
      Vary:
      - Accept
      Etag:
      - W/"08e44f3141fc291bfe9eb7bade3663e5"
      Cache-Control:
      - max-age=0, private, must-revalidate
      X-Request-Id:
      - 5f701dc8-e105-4ce5-aab3-4b52436b4669
      X-Runtime:
      - '0.003177'
      Transfer-Encoding:
      - chunked
      Via:
      - 1.1 vegur
    body:
      encoding: UTF-8
      string: '{"data":{"id":"2","type":"user","attributes":{"name":"Bobby Luly","email":"bobbyluly@gmail.com","protocol_id":2,"data_sharing":true}}}'
  recorded_at: Thu, 20 Apr 2023 17:16:27 GMT
- request:
    method: get
    uri: https://pacific-reef-79035.herokuapp.com/api/v1/users/2
    body:
      encoding: US-ASCII
      string: ''
    headers:
      User-Agent:
      - Faraday v2.7.4
      Accept-Encoding:
      - gzip;q=1.0,deflate;q=0.6,identity;q=0.3
      Accept:
      - "*/*"
  response:
    status:
      code: 200
      message: OK
    headers:
      Server:
      - Cowboy
      Date:
      - Thu, 20 Apr 2023 17:16:26 GMT
      Connection:
      - keep-alive
      X-Frame-Options:
      - SAMEORIGIN
      X-Xss-Protection:
      - '0'
      X-Content-Type-Options:
      - nosniff
      X-Download-Options:
      - noopen
      X-Permitted-Cross-Domain-Policies:
      - none
      Referrer-Policy:
      - strict-origin-when-cross-origin
      Content-Type:
      - application/json; charset=utf-8
      Vary:
      - Accept
      Etag:
      - W/"08e44f3141fc291bfe9eb7bade3663e5"
      Cache-Control:
      - max-age=0, private, must-revalidate
      X-Request-Id:
      - 8343bfdf-a353-43ef-bd8f-2eb2dd8859d8
      X-Runtime:
      - '0.003184'
      Transfer-Encoding:
      - chunked
      Via:
      - 1.1 vegur
    body:
      encoding: UTF-8
      string: '{"data":{"id":"2","type":"user","attributes":{"name":"Bobby Luly","email":"bobbyluly@gmail.com","protocol_id":2,"data_sharing":true}}}'
  recorded_at: Thu, 20 Apr 2023 17:16:27 GMT
- request:
    method: get
    uri: https://pacific-reef-79035.herokuapp.com/api/v1/users/2
    body:
      encoding: US-ASCII
      string: ''
    headers:
      User-Agent:
      - Faraday v2.7.4
      Accept-Encoding:
      - gzip;q=1.0,deflate;q=0.6,identity;q=0.3
      Accept:
      - "*/*"
  response:
    status:
      code: 200
      message: OK
    headers:
      Server:
      - Cowboy
      Date:
      - Thu, 20 Apr 2023 17:16:26 GMT
      Connection:
      - keep-alive
      X-Frame-Options:
      - SAMEORIGIN
      X-Xss-Protection:
      - '0'
      X-Content-Type-Options:
      - nosniff
      X-Download-Options:
      - noopen
      X-Permitted-Cross-Domain-Policies:
      - none
      Referrer-Policy:
      - strict-origin-when-cross-origin
      Content-Type:
      - application/json; charset=utf-8
      Vary:
      - Accept
      Etag:
      - W/"08e44f3141fc291bfe9eb7bade3663e5"
      Cache-Control:
      - max-age=0, private, must-revalidate
      X-Request-Id:
      - 372aea7b-b5f8-4ed9-bae8-b5c78162303a
      X-Runtime:
      - '0.003506'
      Transfer-Encoding:
      - chunked
      Via:
      - 1.1 vegur
    body:
      encoding: UTF-8
      string: '{"data":{"id":"2","type":"user","attributes":{"name":"Bobby Luly","email":"bobbyluly@gmail.com","protocol_id":2,"data_sharing":true}}}'
  recorded_at: Thu, 20 Apr 2023 17:16:27 GMT
- request:
    method: get
    uri: https://pacific-reef-79035.herokuapp.com/api/v1/users/2
    body:
      encoding: US-ASCII
      string: ''
    headers:
      User-Agent:
      - Faraday v2.7.4
      Accept-Encoding:
      - gzip;q=1.0,deflate;q=0.6,identity;q=0.3
      Accept:
      - "*/*"
  response:
    status:
      code: 200
      message: OK
    headers:
      Server:
      - Cowboy
      Date:
      - Thu, 20 Apr 2023 17:16:27 GMT
      Connection:
      - keep-alive
      X-Frame-Options:
      - SAMEORIGIN
      X-Xss-Protection:
      - '0'
      X-Content-Type-Options:
      - nosniff
      X-Download-Options:
      - noopen
      X-Permitted-Cross-Domain-Policies:
      - none
      Referrer-Policy:
      - strict-origin-when-cross-origin
      Content-Type:
      - application/json; charset=utf-8
      Vary:
      - Accept
      Etag:
      - W/"08e44f3141fc291bfe9eb7bade3663e5"
      Cache-Control:
      - max-age=0, private, must-revalidate
      X-Request-Id:
      - c01c3f47-c3c9-4506-9385-536effbe5110
      X-Runtime:
      - '0.003906'
      Transfer-Encoding:
      - chunked
      Via:
      - 1.1 vegur
    body:
      encoding: UTF-8
      string: '{"data":{"id":"2","type":"user","attributes":{"name":"Bobby Luly","email":"bobbyluly@gmail.com","protocol_id":2,"data_sharing":true}}}'
  recorded_at: Thu, 20 Apr 2023 17:16:27 GMT
- request:
    method: get
    uri: https://pacific-reef-79035.herokuapp.com/api/v1/users/2
    body:
      encoding: US-ASCII
      string: ''
    headers:
      User-Agent:
      - Faraday v2.7.4
      Accept-Encoding:
      - gzip;q=1.0,deflate;q=0.6,identity;q=0.3
      Accept:
      - "*/*"
  response:
    status:
      code: 200
      message: OK
    headers:
      Server:
      - Cowboy
      Date:
      - Thu, 20 Apr 2023 17:16:27 GMT
      Connection:
      - keep-alive
      X-Frame-Options:
      - SAMEORIGIN
      X-Xss-Protection:
      - '0'
      X-Content-Type-Options:
      - nosniff
      X-Download-Options:
      - noopen
      X-Permitted-Cross-Domain-Policies:
      - none
      Referrer-Policy:
      - strict-origin-when-cross-origin
      Content-Type:
      - application/json; charset=utf-8
      Vary:
      - Accept
      Etag:
      - W/"08e44f3141fc291bfe9eb7bade3663e5"
      Cache-Control:
      - max-age=0, private, must-revalidate
      X-Request-Id:
      - 80cbc416-9ff5-43bc-88ce-fb592c1f0372
      X-Runtime:
      - '0.003357'
      Transfer-Encoding:
      - chunked
      Via:
      - 1.1 vegur
    body:
      encoding: UTF-8
      string: '{"data":{"id":"2","type":"user","attributes":{"name":"Bobby Luly","email":"bobbyluly@gmail.com","protocol_id":2,"data_sharing":true}}}'
  recorded_at: Thu, 20 Apr 2023 17:16:28 GMT
- request:
    method: get
    uri: https://pacific-reef-79035.herokuapp.com/api/v1/users/2
    body:
      encoding: US-ASCII
      string: ''
    headers:
      User-Agent:
      - Faraday v2.7.4
      Accept-Encoding:
      - gzip;q=1.0,deflate;q=0.6,identity;q=0.3
      Accept:
      - "*/*"
  response:
    status:
      code: 200
      message: OK
    headers:
      Server:
      - Cowboy
      Date:
      - Thu, 20 Apr 2023 17:16:28 GMT
      Connection:
      - keep-alive
      X-Frame-Options:
      - SAMEORIGIN
      X-Xss-Protection:
      - '0'
      X-Content-Type-Options:
      - nosniff
      X-Download-Options:
      - noopen
      X-Permitted-Cross-Domain-Policies:
      - none
      Referrer-Policy:
      - strict-origin-when-cross-origin
      Content-Type:
      - application/json; charset=utf-8
      Vary:
      - Accept
      Etag:
      - W/"08e44f3141fc291bfe9eb7bade3663e5"
      Cache-Control:
      - max-age=0, private, must-revalidate
      X-Request-Id:
      - 36d80086-d542-4e25-9700-f3c4b241aa0e
      X-Runtime:
      - '0.003226'
      Transfer-Encoding:
      - chunked
      Via:
      - 1.1 vegur
    body:
      encoding: UTF-8
      string: '{"data":{"id":"2","type":"user","attributes":{"name":"Bobby Luly","email":"bobbyluly@gmail.com","protocol_id":2,"data_sharing":true}}}'
  recorded_at: Thu, 20 Apr 2023 17:16:28 GMT
- request:
    method: get
    uri: https://pacific-reef-79035.herokuapp.com/api/v1/users/2/log_entries
    body:
      encoding: US-ASCII
      string: ''
    headers:
      User-Agent:
      - Faraday v2.7.4
      Accept-Encoding:
      - gzip;q=1.0,deflate;q=0.6,identity;q=0.3
      Accept:
      - "*/*"
  response:
    status:
      code: 200
      message: OK
    headers:
      Server:
      - Cowboy
      Date:
      - Thu, 20 Apr 2023 17:16:28 GMT
      Connection:
      - keep-alive
      X-Frame-Options:
      - SAMEORIGIN
      X-Xss-Protection:
      - '0'
      X-Content-Type-Options:
      - nosniff
      X-Download-Options:
      - noopen
      X-Permitted-Cross-Domain-Policies:
      - none
      Referrer-Policy:
      - strict-origin-when-cross-origin
      Content-Type:
      - application/json; charset=utf-8
      Vary:
      - Accept
      Etag:
      - W/"11a30aa33942a3816cbc6a2d8da4c29c"
      Cache-Control:
      - max-age=0, private, must-revalidate
      X-Request-Id:
      - b2154823-d71b-4869-97c1-00a55fa08723
      X-Runtime:
      - '0.006705'
      Transfer-Encoding:
      - chunked
      Via:
      - 1.1 vegur
    body:
      encoding: UTF-8
      string: '{"data":[{"id":"2","type":"user_entry","attributes":{"id":2,"user_id":2,"created_at":"2023-04-19T22:03:54.034Z","updated_at":"2023-04-19T22:03:54.034Z","type":"DailyLogEntry","sociability":"social","mood":"Mellow","depression_score":1,"anxiety_score":1,"sleep_score":8,"exercise":"cardio","meditation":"45","energy_levels":7,"notes":"Tranquil
        day today"}},{"id":"1","type":"user_entry","attributes":{"id":1,"user_id":2,"created_at":"2023-04-19T22:03:54.029Z","updated_at":"2023-04-19T22:03:54.029Z","type":"DailyLogEntry","sociability":"social","mood":"Happy","depression_score":1,"anxiety_score":2,"sleep_score":7,"exercise":"cardio","meditation":"30","energy_levels":6,"notes":"I''m
        feeling great today!"}},{"id":"2","type":"user_entry","attributes":{"id":2,"user_id":2,"created_at":"2023-04-19T22:03:54.014Z","updated_at":"2023-04-19T22:03:54.014Z","type":"MicrodoseLogEntry","mood_before":"Happy","mood_after":"Introspective","dosage":1.5,"intensity":"medium","sociability":"withdrawn","journal_prompt":"What
        did you learn about yourself?","journal_entry":"I''ve realized some things
        I''d like to change in my life.","environment":"Hike in the foothills","other_notes":"I''ve
        still got some processing to do"}},{"id":"1","type":"user_entry","attributes":{"id":1,"user_id":2,"created_at":"2023-04-19T22:03:54.008Z","updated_at":"2023-04-19T22:03:54.008Z","type":"MicrodoseLogEntry","mood_before":"Melancholy","mood_after":"Happy","dosage":0.75,"intensity":"low","sociability":"anxious","journal_prompt":"How
        was your day?","journal_entry":"I felt great after today''s microdose!","environment":"The
        Park","other_notes":"What a nice little reset this was"}}]}'
  recorded_at: Thu, 20 Apr 2023 17:16:28 GMT
- request:
    method: get
    uri: https://pacific-reef-79035.herokuapp.com/api/v1/users/2/log_entries
    body:
      encoding: US-ASCII
      string: ''
    headers:
      User-Agent:
      - Faraday v2.7.4
      Accept-Encoding:
      - gzip;q=1.0,deflate;q=0.6,identity;q=0.3
      Accept:
      - "*/*"
  response:
    status:
      code: 200
      message: OK
    headers:
      Server:
      - Cowboy
      Date:
      - Thu, 20 Apr 2023 17:16:28 GMT
      Connection:
      - keep-alive
      X-Frame-Options:
      - SAMEORIGIN
      X-Xss-Protection:
      - '0'
      X-Content-Type-Options:
      - nosniff
      X-Download-Options:
      - noopen
      X-Permitted-Cross-Domain-Policies:
      - none
      Referrer-Policy:
      - strict-origin-when-cross-origin
      Content-Type:
      - application/json; charset=utf-8
      Vary:
      - Accept
      Etag:
      - W/"11a30aa33942a3816cbc6a2d8da4c29c"
      Cache-Control:
      - max-age=0, private, must-revalidate
      X-Request-Id:
      - '092c680d-a2fc-4947-bc18-39bf9680ba9c'
      X-Runtime:
      - '0.006304'
      Transfer-Encoding:
      - chunked
      Via:
      - 1.1 vegur
    body:
      encoding: UTF-8
      string: '{"data":[{"id":"2","type":"user_entry","attributes":{"id":2,"user_id":2,"created_at":"2023-04-19T22:03:54.034Z","updated_at":"2023-04-19T22:03:54.034Z","type":"DailyLogEntry","sociability":"social","mood":"Mellow","depression_score":1,"anxiety_score":1,"sleep_score":8,"exercise":"cardio","meditation":"45","energy_levels":7,"notes":"Tranquil
        day today"}},{"id":"1","type":"user_entry","attributes":{"id":1,"user_id":2,"created_at":"2023-04-19T22:03:54.029Z","updated_at":"2023-04-19T22:03:54.029Z","type":"DailyLogEntry","sociability":"social","mood":"Happy","depression_score":1,"anxiety_score":2,"sleep_score":7,"exercise":"cardio","meditation":"30","energy_levels":6,"notes":"I''m
        feeling great today!"}},{"id":"2","type":"user_entry","attributes":{"id":2,"user_id":2,"created_at":"2023-04-19T22:03:54.014Z","updated_at":"2023-04-19T22:03:54.014Z","type":"MicrodoseLogEntry","mood_before":"Happy","mood_after":"Introspective","dosage":1.5,"intensity":"medium","sociability":"withdrawn","journal_prompt":"What
        did you learn about yourself?","journal_entry":"I''ve realized some things
        I''d like to change in my life.","environment":"Hike in the foothills","other_notes":"I''ve
        still got some processing to do"}},{"id":"1","type":"user_entry","attributes":{"id":1,"user_id":2,"created_at":"2023-04-19T22:03:54.008Z","updated_at":"2023-04-19T22:03:54.008Z","type":"MicrodoseLogEntry","mood_before":"Melancholy","mood_after":"Happy","dosage":0.75,"intensity":"low","sociability":"anxious","journal_prompt":"How
        was your day?","journal_entry":"I felt great after today''s microdose!","environment":"The
        Park","other_notes":"What a nice little reset this was"}}]}'
  recorded_at: Thu, 20 Apr 2023 17:16:29 GMT
- request:
    method: get
    uri: https://pacific-reef-79035.herokuapp.com/api/v1/users/2
    body:
      encoding: US-ASCII
      string: ''
    headers:
      User-Agent:
      - Faraday v2.7.4
      Accept-Encoding:
      - gzip;q=1.0,deflate;q=0.6,identity;q=0.3
      Accept:
      - "*/*"
  response:
    status:
      code: 200
      message: OK
    headers:
      Server:
      - Cowboy
      Date:
      - Thu, 20 Apr 2023 17:16:28 GMT
      Connection:
      - keep-alive
      X-Frame-Options:
      - SAMEORIGIN
      X-Xss-Protection:
      - '0'
      X-Content-Type-Options:
      - nosniff
      X-Download-Options:
      - noopen
      X-Permitted-Cross-Domain-Policies:
      - none
      Referrer-Policy:
      - strict-origin-when-cross-origin
      Content-Type:
      - application/json; charset=utf-8
      Vary:
      - Accept
      Etag:
      - W/"08e44f3141fc291bfe9eb7bade3663e5"
      Cache-Control:
      - max-age=0, private, must-revalidate
      X-Request-Id:
      - cddb7d41-d8a7-4792-a494-cae0d0357593
      X-Runtime:
      - '0.003394'
      Transfer-Encoding:
      - chunked
      Via:
      - 1.1 vegur
    body:
      encoding: UTF-8
      string: '{"data":{"id":"2","type":"user","attributes":{"name":"Bobby Luly","email":"bobbyluly@gmail.com","protocol_id":2,"data_sharing":true}}}'
  recorded_at: Thu, 20 Apr 2023 17:16:29 GMT
- request:
    method: get
    uri: https://pacific-reef-79035.herokuapp.com/api/v1/users/2
    body:
      encoding: US-ASCII
      string: ''
    headers:
      User-Agent:
      - Faraday v2.7.4
      Accept-Encoding:
      - gzip;q=1.0,deflate;q=0.6,identity;q=0.3
      Accept:
      - "*/*"
  response:
    status:
      code: 200
      message: OK
    headers:
      Server:
      - Cowboy
      Date:
      - Thu, 20 Apr 2023 17:16:29 GMT
      Connection:
      - keep-alive
      X-Frame-Options:
      - SAMEORIGIN
      X-Xss-Protection:
      - '0'
      X-Content-Type-Options:
      - nosniff
      X-Download-Options:
      - noopen
      X-Permitted-Cross-Domain-Policies:
      - none
      Referrer-Policy:
      - strict-origin-when-cross-origin
      Content-Type:
      - application/json; charset=utf-8
      Vary:
      - Accept
      Etag:
      - W/"08e44f3141fc291bfe9eb7bade3663e5"
      Cache-Control:
      - max-age=0, private, must-revalidate
      X-Request-Id:
      - 330036dd-8b64-4f64-94b0-a2ed7843db2a
      X-Runtime:
      - '0.003238'
      Transfer-Encoding:
      - chunked
      Via:
      - 1.1 vegur
    body:
      encoding: UTF-8
      string: '{"data":{"id":"2","type":"user","attributes":{"name":"Bobby Luly","email":"bobbyluly@gmail.com","protocol_id":2,"data_sharing":true}}}'
  recorded_at: Thu, 20 Apr 2023 17:16:29 GMT
- request:
    method: get
    uri: https://pacific-reef-79035.herokuapp.com/api/v1/users/2
    body:
      encoding: US-ASCII
      string: ''
    headers:
      User-Agent:
      - Faraday v2.7.4
      Accept-Encoding:
      - gzip;q=1.0,deflate;q=0.6,identity;q=0.3
      Accept:
      - "*/*"
  response:
    status:
      code: 200
      message: OK
    headers:
      Server:
      - Cowboy
      Date:
      - Thu, 20 Apr 2023 17:16:28 GMT
      Connection:
      - keep-alive
      X-Frame-Options:
      - SAMEORIGIN
      X-Xss-Protection:
      - '0'
      X-Content-Type-Options:
      - nosniff
      X-Download-Options:
      - noopen
      X-Permitted-Cross-Domain-Policies:
      - none
      Referrer-Policy:
      - strict-origin-when-cross-origin
      Content-Type:
      - application/json; charset=utf-8
      Vary:
      - Accept
      Etag:
      - W/"08e44f3141fc291bfe9eb7bade3663e5"
      Cache-Control:
      - max-age=0, private, must-revalidate
      X-Request-Id:
      - c65bfb5c-14b2-45e3-96bc-8f852c66a09d
      X-Runtime:
      - '0.003189'
      Transfer-Encoding:
      - chunked
      Via:
      - 1.1 vegur
    body:
      encoding: UTF-8
      string: '{"data":{"id":"2","type":"user","attributes":{"name":"Bobby Luly","email":"bobbyluly@gmail.com","protocol_id":2,"data_sharing":true}}}'
  recorded_at: Thu, 20 Apr 2023 17:16:29 GMT
- request:
    method: get
    uri: https://pacific-reef-79035.herokuapp.com/api/v1/users/2
    body:
      encoding: US-ASCII
      string: ''
    headers:
      User-Agent:
      - Faraday v2.7.4
      Accept-Encoding:
      - gzip;q=1.0,deflate;q=0.6,identity;q=0.3
      Accept:
      - "*/*"
  response:
    status:
      code: 200
      message: OK
    headers:
      Server:
      - Cowboy
      Date:
      - Thu, 20 Apr 2023 17:16:29 GMT
      Connection:
      - keep-alive
      X-Frame-Options:
      - SAMEORIGIN
      X-Xss-Protection:
      - '0'
      X-Content-Type-Options:
      - nosniff
      X-Download-Options:
      - noopen
      X-Permitted-Cross-Domain-Policies:
      - none
      Referrer-Policy:
      - strict-origin-when-cross-origin
      Content-Type:
      - application/json; charset=utf-8
      Vary:
      - Accept
      Etag:
      - W/"08e44f3141fc291bfe9eb7bade3663e5"
      Cache-Control:
      - max-age=0, private, must-revalidate
      X-Request-Id:
      - 303838a7-aa4b-4c01-8ed8-4bb1f5d3c396
      X-Runtime:
      - '0.003114'
      Transfer-Encoding:
      - chunked
      Via:
      - 1.1 vegur
    body:
      encoding: UTF-8
      string: '{"data":{"id":"2","type":"user","attributes":{"name":"Bobby Luly","email":"bobbyluly@gmail.com","protocol_id":2,"data_sharing":true}}}'
  recorded_at: Thu, 20 Apr 2023 17:16:30 GMT
- request:
    method: get
    uri: https://pacific-reef-79035.herokuapp.com/api/v1/users/2
    body:
      encoding: US-ASCII
      string: ''
    headers:
      User-Agent:
      - Faraday v2.7.4
      Accept-Encoding:
      - gzip;q=1.0,deflate;q=0.6,identity;q=0.3
      Accept:
      - "*/*"
  response:
    status:
      code: 200
      message: OK
    headers:
      Server:
      - Cowboy
      Date:
      - Thu, 20 Apr 2023 17:16:29 GMT
      Connection:
      - keep-alive
      X-Frame-Options:
      - SAMEORIGIN
      X-Xss-Protection:
      - '0'
      X-Content-Type-Options:
      - nosniff
      X-Download-Options:
      - noopen
      X-Permitted-Cross-Domain-Policies:
      - none
      Referrer-Policy:
      - strict-origin-when-cross-origin
      Content-Type:
      - application/json; charset=utf-8
      Vary:
      - Accept
      Etag:
      - W/"08e44f3141fc291bfe9eb7bade3663e5"
      Cache-Control:
      - max-age=0, private, must-revalidate
      X-Request-Id:
      - f791ddce-67a7-4b7b-b395-903458606582
      X-Runtime:
      - '0.003114'
      Transfer-Encoding:
      - chunked
      Via:
      - 1.1 vegur
    body:
      encoding: UTF-8
      string: '{"data":{"id":"2","type":"user","attributes":{"name":"Bobby Luly","email":"bobbyluly@gmail.com","protocol_id":2,"data_sharing":true}}}'
  recorded_at: Thu, 20 Apr 2023 17:16:30 GMT
- request:
    method: get
    uri: https://pacific-reef-79035.herokuapp.com/api/v1/users/2/microdose_log_entries/2
    body:
      encoding: US-ASCII
      string: ''
    headers:
      User-Agent:
      - Faraday v2.7.4
      Accept-Encoding:
      - gzip;q=1.0,deflate;q=0.6,identity;q=0.3
      Accept:
      - "*/*"
  response:
    status:
      code: 200
      message: OK
    headers:
      Server:
      - Cowboy
      Date:
      - Thu, 20 Apr 2023 17:16:30 GMT
      Connection:
      - keep-alive
      X-Frame-Options:
      - SAMEORIGIN
      X-Xss-Protection:
      - '0'
      X-Content-Type-Options:
      - nosniff
      X-Download-Options:
      - noopen
      X-Permitted-Cross-Domain-Policies:
      - none
      Referrer-Policy:
      - strict-origin-when-cross-origin
      Content-Type:
      - application/json; charset=utf-8
      Vary:
      - Accept
      Etag:
      - W/"1b2b18752111c89ef0598dadc6c3ea80"
      Cache-Control:
      - max-age=0, private, must-revalidate
      X-Request-Id:
      - 8ce8666d-29d2-49cb-94aa-a14140144cce
      X-Runtime:
      - '0.004807'
      Transfer-Encoding:
      - chunked
      Via:
      - 1.1 vegur
    body:
      encoding: UTF-8
      string: '{"data":{"id":"2","type":"microdose_log_entry","attributes":{"user_id":2,"mood_before":"Happy","mood_after":"Introspective","environment":"Hike
        in the foothills","dosage":1.5,"intensity":"medium","sociability":"withdrawn","journal_prompt":"What
        did you learn about yourself?","journal_entry":"I''ve realized some things
        I''d like to change in my life.","other_notes":"I''ve still got some processing
        to do","created_at":"April 19, 2023"}}}'
  recorded_at: Thu, 20 Apr 2023 17:16:30 GMT
- request:
    method: get
    uri: https://pacific-reef-79035.herokuapp.com/api/v1/users/2
    body:
      encoding: US-ASCII
      string: ''
    headers:
      User-Agent:
      - Faraday v2.7.4
      Accept-Encoding:
      - gzip;q=1.0,deflate;q=0.6,identity;q=0.3
      Accept:
      - "*/*"
  response:
    status:
      code: 200
      message: OK
    headers:
      Server:
      - Cowboy
      Date:
      - Thu, 20 Apr 2023 17:16:30 GMT
      Connection:
      - keep-alive
      X-Frame-Options:
      - SAMEORIGIN
      X-Xss-Protection:
      - '0'
      X-Content-Type-Options:
      - nosniff
      X-Download-Options:
      - noopen
      X-Permitted-Cross-Domain-Policies:
      - none
      Referrer-Policy:
      - strict-origin-when-cross-origin
      Content-Type:
      - application/json; charset=utf-8
      Vary:
      - Accept
      Etag:
      - W/"08e44f3141fc291bfe9eb7bade3663e5"
      Cache-Control:
      - max-age=0, private, must-revalidate
      X-Request-Id:
      - 1704023f-6ef0-4c82-99e4-991545a6c201
      X-Runtime:
      - '0.003332'
      Transfer-Encoding:
      - chunked
      Via:
      - 1.1 vegur
    body:
      encoding: UTF-8
      string: '{"data":{"id":"2","type":"user","attributes":{"name":"Bobby Luly","email":"bobbyluly@gmail.com","protocol_id":2,"data_sharing":true}}}'
  recorded_at: Thu, 20 Apr 2023 17:16:30 GMT
recorded_with: VCR 6.1.0
